device=<SERIAL>
boot_completed=1
starting uid-10161 staging channel (consumes this boot's one-shot)
/c/Users/<user>/firehd11g_unlock/stage1-root/port/scripts/stage_initial_root_assets.sh: line 108: warning: command substitution: ignored null byte in input
agent.jar=already_current
libcodex_jni.so=already_current
libhwbinder_target.so=already_current
libhwbinder_target.arm64-v8a.so=already_current
libhwbinder_target.armeabi-v7a.so=already_current
carrier_launcher.sh=already_current
agent.jar=ready sha256=b50fc6b030db2e791c1b29125fc6e4a4d6dc166501b13c9c2552ec7881afc8a0
libcodex_jni.so=ready sha256=cb9607a24d5ada10e0a173be3857e8801ac8f256af131eb64fa5f627b0dc76e6
libhwbinder_target.so=ready sha256=e298c1f73cc45bd36e978c5f9efe58210533bf0f4889e77986b6ba2bf344298e
libhwbinder_target.arm64-v8a.so=ready sha256=e298c1f73cc45bd36e978c5f9efe58210533bf0f4889e77986b6ba2bf344298e
libhwbinder_target.armeabi-v7a.so=ready sha256=c630d48b8ecf86ab38c9abc58afeff9ba9baf68fb69c5f4c8ad960814f8373cf
carrier_launcher.sh=ready sha256=ed406c6726daaded1a0d19bd0ff3c79140283e0179768e1397f547a07303231c
staging consumed this boot's one-shot; rebooting before arming
device=<SERIAL>
boot_completed=1
** PHASE A: staging waiter (consumes this boot's one-shot) **
note: inline trigger ignores payload file (/c/Users/<user>/firehd11g_unlock/stage1-root/port/scripts/rootsvc_payload.sh)
nc: connect: Connection refused
FATAL: waiter property was not armed: 1791253344323
FATAL: staging failed
