
== 1/7 boot state ==
settling 45s before carrier injection
waiter=FIRED-AND-WAITING (property normalized by time sync; time_update loop alive)
boot=1 saved_time=1791258346296 restore_value=1791258186151 exemptions=null

== boot-wiring precheck ==
wiring_failure_lines=0

== 2/7 carrier up on 127.0.0.1:43271 ==
carrier absent -> spawn deterministic app_process64 carrier
carrier respawned, PONG
carrier_identity=IDV2	uid=10161	pid=9358	context=u:r:amazon_app:s0	groups=3003	elf=ELF64	abi=arm64-v8a	jni=/data/user/0/com.amazon.webview.chromium/files/sn/libhwbinder_target.arm64-v8a.so
device_supported_abis=arm64-v8a,armeabi-v7a,armeabi
carrier_pid=9358 carrier_uid_context=IDV2	uid=10161	pid=9358	context=u:r:amazon_app:s0	groups=3003	elf=ELF64	abi=arm64-v8a	jni=/data/user/0/com.amazon.webview.chromium/files/sn/libhwbinder_target.arm64-v8a.so
carrier_abi=arm64-v8a carrier_elf_class=ELF64
selected_jni_library=/data/user/0/com.amazon.webview.chromium/files/sn/libhwbinder_target.arm64-v8a.so selected_elf_class=UNKNOWN
native_library=/data/user/0/com.amazon.webview.chromium/files/sn/libhwbinder_target.arm64-v8a.so native_elf_class=UNKNOWN
note: shell-side ELF read unavailable (app_data_file); relying on the carrier's self-reported elf=ELF64 jni=/data/user/0/com.amazon.webview.chromium/files/sn/libhwbinder_target.arm64-v8a.so

== 3/7 stateful leak (boot-spent on ENODATA; reboot to retry) ==
HWBINDER_STATEFUL HWBINDER_STATEFUL result=0x5000000000000000 file=0x4444444444444444 node=0x24bb
leak confirmed: HWBINDER_STATEFUL result=0x5000000000000000 file=0x4444444444444444 node=0x24bb

== 4/7 write null to selinux_enforcing ==
HWBINDER_STATEFUL_WRITE HWBINDER_STATEFUL_WRITE result=0x5100000000000000

== 5/7 verify Permissive ==
getenforce=Permissive

== 6/7 wait for pre-armed uid-0 time_update handoff ==
./scripts/reroot_after_boot.sh: line 271: warning: command substitution: ignored null byte in input
root_service=0
u:r:time_update:s0
--------- beginning of system
--------- beginning of main
saved_time_now=1791258346296
time_update_svc=running

== 7/7 exit-state guard ==
saved_time_state=1791258346296
saved_time numeric but != original (1791258186151) -> time_update rewrote it; persistence disarmed (safe)
exemptions=null
enforce=Permissive
OK reroot flow complete
